<html>
<body>
<pre>
<h1>µVision Build Log</h1>
<h2>Tool Versions:</h2>
IDE-Version: ¦ÌVision V5.16a
Copyright (C) 2015 ARM Ltd and ARM Germany GmbH. All rights reserved.
License Information: Ma Microsoft, Microsoft, LIC=MGX30-B1ZNG-48DFA-1RSF1-T65JF-5SQI3
 
Tool Versions:
Toolchain:       MDK-ARM Professional  Version: 5.16a
Toolchain Path:  F:\Keil5\ARM\ARMCC\Bin
C Compiler:      Armcc.exe V5.06 (build 20)
Assembler:       Armasm.exe V5.06 (build 20)
Linker/Locator:  ArmLink.exe V5.06 (build 20)
Library Manager: ArmAr.exe V5.06 (build 20)
Hex Converter:   FromElf.exe V5.06 (build 20)
CPU DLL:         SARMCM3.DLL V5.16a
Dialog DLL:      DCM.DLL V1.13.2.0
Target DLL:      Segger\JL2CM3.dll V2.99.15.2
Dialog DLL:      TCM.DLL V1.14.5.0
 
<h2>Project:</h2>
C:\Users\MaWei\Desktop\STCode\STM32\Beep\USER\Template.uvprojx
Project File Date:  08/09/2016

<h2>Output:</h2>
*** Using Compiler 'V5.06 (build 20)', folder: 'F:\Keil5\ARM\ARMCC\Bin'
Rebuild target 'Beep'
assembling startup_stm32f40_41xxx.s...
compiling stm32f4xx_syscfg.c...
compiling stm32f4xx_it.c...
compiling misc.c...
compiling system_stm32f4xx.c...
compiling stm32f4xx_gpio.c...
compiling main.c...
compiling stm32f4xx_usart.c...
compiling sys.c...
compiling LED.c...
compiling usart.c...
compiling delay.c...
compiling stm32f4xx_rcc.c...
compiling Beep.c...
linking...
Program Size: Code=5532 RO-data=424 RW-data=48 ZI-data=1832  
FromELF: creating hex file...
"..\OBJ\Template.axf" - 0 Error(s), 0 Warning(s).

<h2>Collection of Component include folders:</h2>
  C:\Users\MaWei\Desktop\STCode\STM32\Beep\USER\RTE
  F:\Keil5\ARM\PACK\Keil\STM32F4xx_DFP\2.8.0\Drivers\CMSIS\Device\ST\STM32F4xx\Include

<h2>Collection of Component Files used:</h2>
Build Time Elapsed:  00:00:03
</pre>
</body>
</html>
